Starting a Gradle Daemon (subsequent builds will be faster)
> Task :buildSrc:checkKotlinGradlePluginConfigurationErrors SKIPPED
> Task :buildSrc:generateExternalPluginSpecBuilders FROM-CACHE
> Task :buildSrc:extractPrecompiledScriptPluginPlugins FROM-CACHE
> Task :buildSrc:compilePluginsBlocks FROM-CACHE
> Task :buildSrc:generatePrecompiledScriptPluginAccessors FROM-CACHE
> Task :buildSrc:generateScriptPluginAdapters FROM-CACHE
> Task :buildSrc:compileKotlin FROM-CACHE
> Task :buildSrc:compileJava NO-SOURCE
> Task :buildSrc:compileGroovy NO-SOURCE
> Task :buildSrc:pluginDescriptors
> Task :buildSrc:processResources
> Task :buildSrc:classes
> Task :buildSrc:jar
> Task :spotlessInternalRegisterDependencies
> Task :src:fr:frunified:spotlessGradle
> Task :src:fr:frunified:spotlessGradleCheck
> Task :src:fr:frunified:spotlessKotlin
> Task :src:fr:frunified:spotlessKotlinCheck FAILED
gradle/actions: Writing build results to /home/runner/work/_temp/.gradle-actions/build-results/__run-1788885036457.json

[Incubating] Problems report is available at: file:///home/runner/work/aniyomi-fr-unified/aniyomi-fr-unified/build/reports/problems/problems-report.html

FAILURE: Build failed with an exception.

* What went wrong:
Execution failed for task ':src:fr:frunified:spotlessKotlinCheck'.
> The following files had format violations:
      src/eu/kanade/tachiyomi/animeextension/fr/frunified/StreamLabel.kt
          @@ -99,15 +99,21 @@
           ············val·upper·=·token.trim().uppercase(Locale.ROOT).replace("·",·"")
           ············return·when·(upper)·{
           ················"4320",·"4320P",·"8K"·->·4320
          +
           ················"2160",·"2160P",·"4K",·"UHD"·->·2160
          +
           ················"1440",·"1440P",·"QHD"·->·1440
          +
           ················"1080",·"1080P",·"FULLHD",·"FHD"·->·1080
          +
           ················"720",·"720P",·"HD"·->·720
          +
           ················"480",·"480P",·"SD"·->·480
          +
           ················"360",·"360P"·->·360
          +
           ················else·->·Regex("^(\\d{3,4})P?$").matchEntire(upper)?.groupValues?.get(1)?.toIntOrNull()
           ····················?.takeIf·{·it·in·144..8640·}
          -
           ············}
           ········}
           
          @@ -120,7 +126,11 @@
           ············val·engine·=·parts.getOrNull(offset·+·1)?.takeIf·{·it·in·ENGINES·}·?:·return·null
           ············val·language·=·header?.groupValues?.getOrNull(1)?.takeIf(String::isNotBlank)
           ············val·quality·=·header?.groupValues?.getOrNull(2)?.takeIf(String::isNotBlank)?.let·{·value·->
          -················when·(value)·{·"8K"·->·4320;·"4K"·->·2160;·else·->·value.removeSuffix("p").toIntOrNull()·}
          +················when·(value)·{
          +····················"8K"·->·4320
          +····················"4K"·->·2160
          +····················else·->·value.removeSuffix("p").toIntOrNull()
          +················}
           ············}
           ············val·detail·=·parts.drop(offset·+·2).joinToString(SEPARATOR).ifBlank·{·null·}
           ············return·StreamLabel(language,·quality,·parts[offset],·engine,·detail)
  Run './gradlew :src:fr:frunified:spotlessApply' to fix these violations.

* Try:
> Run with --stacktrace option to get the stack trace.
> Run with --info or --debug option to get more log output.
> Run with --scan to get full insights.
> Get more help at https://help.gradle.org.

Deprecated Gradle features were used in this build, making it incompatible with Gradle 9.0.

You can use '--warning-mode all' to show the individual deprecation warnings and determine if they come from your own scripts or plugins.

For more on this, please refer to https://docs.gradle.org/8.13/userguide/command_line_interface.html#sec:command_line_warnings in the Gradle documentation.

BUILD FAILED in 30s
14 actionable tasks: 8 executed, 6 from cache
