Starting a Gradle Daemon (subsequent builds will be faster)
> Task :buildSrc:checkKotlinGradlePluginConfigurationErrors SKIPPED
> Task :buildSrc:generateExternalPluginSpecBuilders FROM-CACHE
> Task :buildSrc:extractPrecompiledScriptPluginPlugins FROM-CACHE
> Task :buildSrc:compilePluginsBlocks FROM-CACHE
> Task :buildSrc:generatePrecompiledScriptPluginAccessors FROM-CACHE
> Task :buildSrc:generateScriptPluginAdapters FROM-CACHE
> Task :buildSrc:compileKotlin FROM-CACHE
> Task :buildSrc:compileJava NO-SOURCE
> Task :buildSrc:compileGroovy NO-SOURCE
> Task :buildSrc:pluginDescriptors
> Task :buildSrc:processResources
> Task :buildSrc:classes
> Task :buildSrc:jar
> Task :spotlessInternalRegisterDependencies
> Task :src:fr:frunified:spotlessGradle
> Task :src:fr:frunified:spotlessGradleApply
> Task :src:fr:frunified:spotlessKotlin
> Task :src:fr:frunified:spotlessKotlinApply FAILED
gradle/actions: Writing build results to /home/runner/work/_temp/.gradle-actions/build-results/__run-1788884862757.json

[Incubating] Problems report is available at: file:///home/runner/work/aniyomi-fr-unified/aniyomi-fr-unified/build/reports/problems/problems-report.html

FAILURE: Build failed with an exception.

* What went wrong:
Execution failed for task ':src:fr:frunified:spotlessKotlinApply'.
> There were 1 lint error(s), they must be fixed or suppressed.
  src/eu/kanade/tachiyomi/animeextension/fr/frunified/StreamLabel.kt:L57 ktlint(standard:max-line-length) Exceeded max line length (120)
  Resolve these lints or suppress with `suppressLintsFor`

* Try:
> Run with --stacktrace option to get the stack trace.
> Run with --info or --debug option to get more log output.
> Run with --scan to get full insights.
> Get more help at https://help.gradle.org.

Deprecated Gradle features were used in this build, making it incompatible with Gradle 9.0.

You can use '--warning-mode all' to show the individual deprecation warnings and determine if they come from your own scripts or plugins.

For more on this, please refer to https://docs.gradle.org/8.13/userguide/command_line_interface.html#sec:command_line_warnings in the Gradle documentation.

BUILD FAILED in 24s
14 actionable tasks: 8 executed, 6 from cache
